Copyright 1986-2022 Xilinx, Inc. All Rights Reserved. Copyright 2022-2024 Advanced Micro Devices, Inc. All Rights Reserved.
--------------------------------------------------------------------------------------------------------------------------------------------------------------------------------------------------------------------------------------------------------------------
| Tool Version : Vivado v.2024.2 (win64) Build 5239630 Fri Nov 08 22:35:27 MST 2024
| Date         : Fri Oct  9 16:28:21 2026
| Host         : LAPTOP-SBM6UN6L running 64-bit major release  (build 9200)
| Command      : report_timing -from [get_cells -hier -filter {NAME =~ *a_r_reg* || NAME =~ *b_r_reg*}] -to [get_cells -hier -filter {NAME =~ p_reg*}] -max_paths 1 -file C:/Users/RAJU/OneDrive/Desktop/vedic_multiplier/reports/BASE/critical_multiplier_path.rpt
| Design       : vedic16_top
| Device       : 7k70t-fbv676
| Speed File   : -1  PRODUCTION 1.12 2017-02-17
| Design State : Routed
--------------------------------------------------------------------------------------------------------------------------------------------------------------------------------------------------------------------------------------------------------------------

Timing Report

Slack (MET) :             3.170ns  (required time - arrival time)
  Source:                 a_r_reg[6]/C
                            (rising edge-triggered cell FDRE clocked by clk  {rise@0.000ns fall@5.000ns period=10.000ns})
  Destination:            p_reg[28]/D
                            (rising edge-triggered cell FDRE clocked by clk  {rise@0.000ns fall@5.000ns period=10.000ns})
  Path Group:             clk
  Path Type:              Setup (Max at Slow Process Corner)
  Requirement:            10.000ns  (clk rise@10.000ns - clk rise@0.000ns)
  Data Path Delay:        6.828ns  (logic 2.501ns (36.629%)  route 4.327ns (63.371%))
  Logic Levels:           13  (CARRY4=7 LUT3=1 LUT4=1 LUT5=2 LUT6=2)
  Clock Path Skew:        -0.018ns (DCD - SCD + CPR)
    Destination Clock Delay (DCD):    5.252ns = ( 15.252 - 10.000 ) 
    Source Clock Delay      (SCD):    5.603ns
    Clock Pessimism Removal (CPR):    0.333ns
  Clock Uncertainty:      0.035ns  ((TSJ^2 + TIJ^2)^1/2 + DJ) / 2 + PE
    Total System Jitter     (TSJ):    0.071ns
    Total Input Jitter      (TIJ):    0.000ns
    Discrete Jitter          (DJ):    0.000ns
    Phase Error              (PE):    0.000ns

    Location             Delay type                Incr(ns)  Path(ns)    Netlist Resource(s)
  -------------------------------------------------------------------    -------------------
                         (clock clk rise edge)        0.000     0.000 r  
    P23                                               0.000     0.000 r  clk (IN)
                         net (fo=0)                   0.000     0.000    clk
    P23                  IBUF (Prop_ibuf_I_O)         1.703     1.703 r  clk_IBUF_inst/O
                         net (fo=1, routed)           2.140     3.843    clk_IBUF
    BUFGCTRL_X0Y0        BUFG (Prop_bufg_I_O)         0.120     3.963 r  clk_IBUF_BUFG_inst/O
                         net (fo=64, routed)          1.640     5.603    clk_IBUF_BUFG
    SLICE_X0Y27          FDRE                                         r  a_r_reg[6]/C
  -------------------------------------------------------------------    -------------------
    SLICE_X0Y27          FDRE (Prop_fdre_C_Q)         0.269     5.872 r  a_r_reg[6]/Q
                         net (fo=33, routed)          1.111     6.983    a_r[6]
    SLICE_X8Y32          LUT6 (Prop_lut6_I3_O)        0.053     7.036 r  p[18]_i_67/O
                         net (fo=2, routed)           0.679     7.715    p[18]_i_67_n_0
    SLICE_X9Y29          LUT6 (Prop_lut6_I0_O)        0.053     7.768 r  p[18]_i_71/O
                         net (fo=1, routed)           0.000     7.768    p[18]_i_71_n_0
    SLICE_X9Y29          CARRY4 (Prop_carry4_S[0]_CO[3])
                                                      0.313     8.081 r  p_reg[18]_i_42/CO[3]
                         net (fo=1, routed)           0.000     8.081    p_reg[18]_i_42_n_0
    SLICE_X9Y30          CARRY4 (Prop_carry4_CI_CO[3])
                                                      0.058     8.139 r  p_reg[18]_i_41/CO[3]
                         net (fo=1, routed)           0.000     8.139    p_reg[18]_i_41_n_0
    SLICE_X9Y31          CARRY4 (Prop_carry4_CI_O[0])
                                                      0.139     8.278 r  p_reg[26]_i_57/O[0]
                         net (fo=3, routed)           0.737     9.015    p_reg[26]_i_57_n_7
    SLICE_X6Y31          LUT4 (Prop_lut4_I1_O)        0.168     9.183 r  p[22]_i_43/O
                         net (fo=2, routed)           0.280     9.463    p[22]_i_43_n_0
    SLICE_X7Y31          LUT5 (Prop_lut5_I0_O)        0.168     9.631 r  p[22]_i_47/O
                         net (fo=1, routed)           0.000     9.631    p[22]_i_47_n_0
    SLICE_X7Y31          CARRY4 (Prop_carry4_S[2]_CO[3])
                                                      0.235     9.866 r  p_reg[22]_i_16/CO[3]
                         net (fo=1, routed)           0.000     9.866    p_reg[22]_i_16_n_0
    SLICE_X7Y32          CARRY4 (Prop_carry4_CI_O[3])
                                                      0.179    10.045 r  p_reg[26]_i_15/O[3]
                         net (fo=3, routed)           0.567    10.612    p_reg[26]_i_15_n_4
    SLICE_X6Y33          LUT3 (Prop_lut3_I1_O)        0.142    10.754 r  p[26]_i_16/O
                         net (fo=2, routed)           0.571    11.325    p[26]_i_16_n_0
    SLICE_X6Y32          LUT5 (Prop_lut5_I1_O)        0.068    11.393 r  p[26]_i_5/O
                         net (fo=2, routed)           0.382    11.775    p[26]_i_5_n_0
    SLICE_X4Y33          CARRY4 (Prop_carry4_DI[0]_CO[3])
                                                      0.443    12.218 r  p_reg[26]_i_1/CO[3]
                         net (fo=1, routed)           0.000    12.218    p_reg[26]_i_1_n_0
    SLICE_X4Y34          CARRY4 (Prop_carry4_CI_O[1])
                                                      0.213    12.431 r  p_reg[30]_i_1/O[1]
                         net (fo=1, routed)           0.000    12.431    g_base.prod[28]
    SLICE_X4Y34          FDRE                                         r  p_reg[28]/D
  -------------------------------------------------------------------    -------------------

                         (clock clk rise edge)       10.000    10.000 r  
    P23                                               0.000    10.000 r  clk (IN)
                         net (fo=0)                   0.000    10.000    clk
    P23                  IBUF (Prop_ibuf_I_O)         1.561    11.561 r  clk_IBUF_inst/O
                         net (fo=1, routed)           2.040    13.601    clk_IBUF
    BUFGCTRL_X0Y0        BUFG (Prop_bufg_I_O)         0.113    13.714 r  clk_IBUF_BUFG_inst/O
                         net (fo=64, routed)          1.538    15.252    clk_IBUF_BUFG
    SLICE_X4Y34          FDRE                                         r  p_reg[28]/C
                         clock pessimism              0.333    15.585    
                         clock uncertainty           -0.035    15.550    
    SLICE_X4Y34          FDRE (Setup_fdre_C_D)        0.051    15.601    p_reg[28]
  -------------------------------------------------------------------
                         required time                         15.601    
                         arrival time                         -12.431    
  -------------------------------------------------------------------
                         slack                                  3.170    




